\BOOKMARK [1][-]{section.1}{\376\377\000A\000u\000t\000h\000o\000r\000i\000n\000g\000\040\000T\000o\000o\000l\000\040\000D\000e\000s\000i\000g\000n}{}% 1
\BOOKMARK [2][-]{subsection.1.1}{\376\377\000S\000i\000g\000n\000i\000f\000i\000c\000a\000n\000c\000e\000\040\000o\000f\000\040\000P\000r\000o\000b\000l\000e\000m\000\040\000o\000r\000\040\000P\000r\000o\000d\000u\000c\000t\000i\000o\000n\000/\000D\000e\000v\000e\000l\000o\000p\000m\000e\000n\000t\000\040\000N\000e\000e\000d}{section.1}% 2
\BOOKMARK [2][-]{subsection.1.2}{\376\377\000T\000e\000c\000h\000n\000o\000l\000o\000g\000y}{section.1}% 3
\BOOKMARK [2][-]{subsection.1.3}{\376\377\000D\000e\000s\000i\000g\000n\000\040\000G\000o\000a\000l\000s}{section.1}% 4
\BOOKMARK [3][-]{subsubsection.1.3.1}{\376\377\000T\000a\000r\000g\000e\000t\000\040\000A\000u\000d\000i\000e\000n\000c\000e}{subsection.1.3}% 5
\BOOKMARK [3][-]{subsubsection.1.3.2}{\376\377\000U\000s\000e\000r\000\040\000G\000o\000a\000l\000s\000\040\000a\000n\000d\000\040\000O\000b\000j\000e\000c\000t\000i\000v\000e\000s}{subsection.1.3}% 6
\BOOKMARK [3][-]{subsubsection.1.3.3}{\376\377\000T\000o\000o\000l\000\040\000F\000e\000a\000t\000u\000r\000e\000s\000\040\000a\000n\000d\000\040\000F\000u\000n\000c\000t\000i\000o\000n\000a\000l\000i\000t\000y}{subsection.1.3}% 7
\BOOKMARK [3][-]{subsubsection.1.3.4}{\376\377\000T\000o\000o\000l\000\040\000I\000n\000p\000u\000t\000\040\000a\000n\000d\000\040\000O\000u\000t\000p\000u\000t}{subsection.1.3}% 8
\BOOKMARK [2][-]{subsection.1.4}{\376\377\000U\000s\000e\000r\000\040\000I\000n\000t\000e\000r\000f\000a\000c\000e}{section.1}% 9
\BOOKMARK [3][-]{subsubsection.1.4.1}{\376\377\000G\000U\000I\000\040\000C\000o\000m\000p\000o\000n\000e\000n\000t\000s\000\040\000a\000n\000d\000\040\000L\000a\000y\000o\000u\000t}{subsection.1.4}% 10
\BOOKMARK [3][-]{subsubsection.1.4.2}{\376\377\000U\000s\000e\000r\000\040\000T\000a\000s\000k\000s}{subsection.1.4}% 11
\BOOKMARK [3][-]{subsubsection.1.4.3}{\376\377\000W\000o\000r\000k\000\040\000F\000l\000o\000w}{subsection.1.4}% 12
\BOOKMARK [1][-]{section.2}{\376\377\000A\000u\000t\000h\000o\000r\000i\000n\000g\000\040\000T\000o\000o\000l\000\040\000D\000e\000v\000e\000l\000o\000p\000m\000e\000n\000t}{}% 13
\BOOKMARK [2][-]{subsection.2.1}{\376\377\000T\000e\000c\000h\000n\000i\000c\000a\000l\000\040\000A\000p\000p\000r\000o\000a\000c\000h}{section.2}% 14
\BOOKMARK [3][-]{subsubsection.2.1.1}{\376\377\000A\000l\000g\000o\000r\000i\000t\000h\000m\000\040\000D\000e\000t\000a\000i\000l\000s}{subsection.2.1}% 15
\BOOKMARK [3][-]{subsubsection.2.1.2}{\376\377\000M\000a\000y\000a\000\040\000I\000n\000t\000e\000r\000f\000a\000c\000e\000\040\000a\000n\000d\000\040\000I\000n\000t\000e\000g\000r\000a\000t\000i\000o\000n}{subsection.2.1}% 16
\BOOKMARK [3][-]{subsubsection.2.1.3}{\376\377\000S\000o\000f\000t\000w\000a\000r\000e\000\040\000D\000e\000s\000i\000g\000n\000\040\000a\000n\000d\000\040\000D\000e\000v\000e\000l\000o\000p\000m\000e\000n\000t}{subsection.2.1}% 17
\BOOKMARK [2][-]{subsection.2.2}{\376\377\000T\000a\000r\000g\000e\000t\000\040\000P\000l\000a\000t\000f\000o\000r\000m\000s}{section.2}% 18
\BOOKMARK [3][-]{subsubsection.2.2.1}{\376\377\000H\000a\000r\000d\000w\000a\000r\000e}{subsection.2.2}% 19
\BOOKMARK [3][-]{subsubsection.2.2.2}{\376\377\000S\000o\000f\000t\000w\000a\000r\000e}{subsection.2.2}% 20
\BOOKMARK [2][-]{subsection.2.3}{\376\377\000S\000o\000f\000t\000w\000a\000r\000e\000\040\000V\000e\000r\000s\000i\000o\000n\000s}{section.2}% 21
\BOOKMARK [3][-]{subsubsection.2.3.1}{\376\377\000A\000l\000p\000h\000a\000\040\000V\000e\000r\000s\000i\000o\000n\000\040\000F\000e\000a\000t\000u\000r\000e\000s\000\040\000\050\000f\000i\000r\000s\000t\000\040\000p\000r\000o\000t\000o\000t\000y\000p\000e\000\051}{subsection.2.3}% 22
\BOOKMARK [3][-]{subsubsection.2.3.2}{\376\377\000B\000e\000t\000a\000\040\000V\000e\000r\000s\000i\000o\000n\000\040\000F\000e\000a\000t\000u\000r\000e\000s}{subsection.2.3}% 23
\BOOKMARK [3][-]{subsubsection.2.3.3}{\376\377\000D\000e\000s\000c\000r\000i\000p\000t\000i\000o\000n\000\040\000o\000f\000\040\000D\000e\000m\000o\000s\000\040\000a\000n\000d\000\040\000T\000u\000t\000o\000r\000i\000a\000l\000s}{subsection.2.3}% 24
\BOOKMARK [1][-]{section.3}{\376\377\000W\000o\000r\000k\000\040\000P\000l\000a\000n}{}% 25
\BOOKMARK [2][-]{subsection.3.1}{\376\377\000T\000a\000s\000k\000s\000\040\000a\000n\000d\000\040\000S\000u\000b\000t\000a\000s\000k\000s}{section.3}% 26
\BOOKMARK [2][-]{subsection.3.2}{\376\377\000M\000i\000l\000e\000s\000t\000o\000n\000e\000s}{section.3}% 27
\BOOKMARK [3][-]{subsubsection.3.2.1}{\376\377\000A\000l\000p\000h\000a\000\040\000V\000e\000r\000s\000i\000o\000n}{subsection.3.2}% 28
\BOOKMARK [3][-]{subsubsection.3.2.2}{\376\377\000B\000e\000t\000a\000\040\000V\000e\000r\000s\000i\000o\000n}{subsection.3.2}% 29
\BOOKMARK [2][-]{subsection.3.3}{\376\377\000S\000c\000h\000e\000d\000u\000l\000e}{section.3}% 30
\BOOKMARK [1][-]{section.4}{\376\377\000R\000e\000l\000a\000t\000e\000d\000\040\000R\000e\000s\000e\000a\000r\000c\000h}{}% 31
\BOOKMARK [1][-]{section.5}{\376\377\000R\000e\000s\000u\000l\000t\000s}{}% 32
\BOOKMARK [2][-]{subsection.5.1}{\376\377\000D\000o\000c\000u\000m\000e\000n\000t\000a\000t\000i\000o\000n\000\040\000/\000\040\000T\000u\000t\000o\000r\000i\000a\000l}{section.5}% 33
\BOOKMARK [3][-]{subsubsection.5.1.1}{\376\377\000S\000t\000e\000p\000\040\0001\000:\000\040\000L\000o\000a\000d\000\040\000t\000h\000e\000\040\000R\000i\000g\000g\000e\000d\000\040\000B\000u\000t\000t\000e\000r\000f\000l\000y}{subsection.5.1}% 34
\BOOKMARK [3][-]{subsubsection.5.1.2}{\376\377\000S\000t\000e\000p\000\040\0002\000:\000\040\000O\000p\000e\000n\000\040\000t\000h\000e\000\040\000B\000u\000t\000t\000e\000r\000F\000l\000i\000g\000h\000t\000\040\000P\000a\000n\000e\000l\000\040\000a\000n\000d\000\040\000A\000s\000s\000i\000g\000n\000\040\000t\000h\000e\000\040\000R\000i\000g}{subsection.5.1}% 35
\BOOKMARK [3][-]{subsubsection.5.1.3}{\376\377\000S\000t\000e\000p\000\040\0003\000a\000:\000\040\000H\000o\000v\000e\000r\000\040\000M\000o\000d\000e}{subsection.5.1}% 36
\BOOKMARK [3][-]{subsubsection.5.1.4}{\376\377\000S\000t\000e\000p\000\040\0003\000b\000:\000\040\000P\000a\000t\000h\000\040\000F\000o\000l\000l\000o\000w\000i\000n\000g\000\040\000M\000o\000d\000e}{subsection.5.1}% 37
\BOOKMARK [3][-]{subsubsection.5.1.5}{\376\377\000S\000t\000e\000p\000\040\0003\000c\000:\000\040\000A\000d\000v\000a\000n\000c\000e\000d\000\040\000P\000a\000t\000h\000\040\000C\000o\000n\000t\000r\000o\000l\000s\000\040\040\024\000\040\000D\000e\000c\000e\000l\000e\000r\000a\000t\000i\000o\000n\000\040\000a\000n\000d\000\040\000A\000n\000g\000l\000e\000\040\000B\000l\000e\000n\000d}{subsection.5.1}% 38
\BOOKMARK [3][-]{subsubsection.5.1.6}{\376\377\000S\000t\000e\000p\000\040\0003\000d\000:\000\040\000F\000r\000e\000e\000\040\000F\000l\000i\000g\000h\000t\000\040\000M\000o\000d\000e}{subsection.5.1}% 39
\BOOKMARK [3][-]{subsubsection.5.1.7}{\376\377\000S\000t\000e\000p\000\040\0004\000:\000\040\000C\000i\000n\000e\000m\000a\000t\000i\000c\000\040\000C\000a\000m\000e\000r\000a\000s\000\040\000\050\000o\000p\000t\000i\000o\000n\000a\000l\000\051}{subsection.5.1}% 40
\BOOKMARK [3][-]{subsubsection.5.1.8}{\376\377\000S\000t\000e\000p\000\040\0005\000:\000\040\000S\000w\000a\000r\000m\000\040\000\050\000o\000p\000t\000i\000o\000n\000a\000l\000\051}{subsection.5.1}% 41
\BOOKMARK [3][-]{subsubsection.5.1.9}{\376\377\000S\000t\000e\000p\000\040\0006\000:\000\040\000S\000i\000m\000u\000l\000a\000t\000e\000,\000\040\000S\000c\000r\000u\000b\000,\000\040\000a\000n\000d\000\040\000R\000e\000n\000d\000e\000r}{subsection.5.1}% 42
\BOOKMARK [2][-]{subsection.5.2}{\376\377\000C\000o\000n\000t\000e\000n\000t\000\040\000C\000r\000e\000a\000t\000i\000o\000n}{section.5}% 43
\BOOKMARK [3][-]{subsubsection.5.2.1}{\376\377\000U\000I\000\040\000i\000n\000\040\000A\000c\000t\000i\000o\000n}{subsection.5.2}% 44
\BOOKMARK [3][-]{subsubsection.5.2.2}{\376\377\000S\000h\000o\000t\000\040\0001\000\040\040\024\000\040\000P\000a\000t\000h\000\040\000F\000o\000l\000l\000o\000w\000i\000n\000g\000\040\000w\000i\000t\000h\000\040\000F\000o\000l\000l\000o\000w\000\040\000C\000a\000m\000e\000r\000a}{subsection.5.2}% 45
\BOOKMARK [3][-]{subsubsection.5.2.3}{\376\377\000S\000h\000o\000t\000\040\0002\000\040\040\024\000\040\000O\000v\000e\000r\000h\000e\000a\000d\000\040\000V\000i\000e\000w\000\040\000S\000h\000o\000w\000i\000n\000g\000\040\000P\000a\000t\000h\000\040\000N\000o\000i\000s\000e}{subsection.5.2}% 46
\BOOKMARK [3][-]{subsubsection.5.2.4}{\376\377\000S\000h\000o\000t\000\040\0003\000\040\040\024\000\040\000D\000e\000c\000e\000l\000e\000r\000a\000t\000i\000o\000n\000\040\000+\000\040\000A\000n\000g\000l\000e\000\040\000B\000l\000e\000n\000d\000\040\000i\000n\000t\000o\000\040\000a\000\040\000H\000o\000v\000e\000r}{subsection.5.2}% 47
\BOOKMARK [3][-]{subsubsection.5.2.5}{\376\377\000S\000h\000o\000t\000\040\0004\000\040\040\024\000\040\000N\000e\000a\000r\000e\000s\000t\000-\000P\000o\000i\000n\000t\000\040\000D\000e\000p\000a\000r\000t\000u\000r\000e\000\040\000w\000i\000t\000h\000\040\000S\000t\000a\000t\000i\000o\000n\000a\000r\000y\000\040\000C\000a\000m\000e\000r\000a}{subsection.5.2}% 48
\BOOKMARK [3][-]{subsubsection.5.2.6}{\376\377\000S\000w\000a\000r\000m\000\040\000O\000u\000t\000p\000u\000t}{subsection.5.2}% 49
\BOOKMARK [1][-]{section.6}{\376\377\000D\000i\000s\000c\000u\000s\000s\000i\000o\000n}{}% 50
\BOOKMARK [2][-]{subsection.6.1}{\376\377\000A\000c\000c\000o\000m\000p\000l\000i\000s\000h\000m\000e\000n\000t\000s}{section.6}% 51
\BOOKMARK [3][-]{subsubsection.6.1.1}{\376\377\000F\000e\000a\000t\000u\000r\000e\000s\000\040\000I\000m\000p\000l\000e\000m\000e\000n\000t\000e\000d}{subsection.6.1}% 52
\BOOKMARK [3][-]{subsubsection.6.1.2}{\376\377\000W\000h\000a\000t\000\040\000W\000o\000r\000k\000e\000d}{subsection.6.1}% 53
\BOOKMARK [3][-]{subsubsection.6.1.3}{\376\377\000W\000h\000a\000t\000\040\000D\000i\000d\000\040\000N\000o\000t\000\040\000W\000o\000r\000k}{subsection.6.1}% 54
\BOOKMARK [3][-]{subsubsection.6.1.4}{\376\377\000F\000e\000a\000t\000u\000r\000e\000s\000\040\000N\000o\000t\000\040\000I\000m\000p\000l\000e\000m\000e\000n\000t\000e\000d}{subsection.6.1}% 55
\BOOKMARK [2][-]{subsection.6.2}{\376\377\000D\000e\000s\000i\000g\000n\000\040\000C\000h\000a\000n\000g\000e\000s}{section.6}% 56
\BOOKMARK [2][-]{subsection.6.3}{\376\377\000T\000o\000t\000a\000l\000\040\000M\000a\000n\000-\000H\000o\000u\000r\000s\000\040\000W\000o\000r\000k\000e\000d}{section.6}% 57
\BOOKMARK [2][-]{subsection.6.4}{\376\377\000F\000u\000t\000u\000r\000e\000\040\000W\000o\000r\000k}{section.6}% 58
\BOOKMARK [1][-]{section.7}{\376\377\000L\000e\000s\000s\000o\000n\000s\000\040\000L\000e\000a\000r\000n\000e\000d}{}% 59
